Microchip MPLAB XC8 Compiler V2.10 ()

Linker command line:

-W-3 --edf=C:\Program Files (x86)\Microchip\xc8\v2.10\pic\dat\en_msgs.txt \
  -cs -h+dist/default/production\Microwave_Oven.X.production.sym \
  --cmf=dist/default/production\Microwave_Oven.X.production.cmf -z \
  -Q16F877A -oC:\Users\rushi\AppData\Local\Temp\sku8.2 \
  --defsym=__MPLAB_BUILD=1 \
  -Mdist/default/production/Microwave_Oven.X.production.map -E1 -ver=XC8 \
  --acfsm=1493 -ASTACK=0110h-016Fh -pstack=STACK -ACODE=00h-07FFhx4 \
  -ASTRCODE=00h-01FFFh -ASTRING=00h-0FFhx32 -ACONST=00h-0FFhx32 \
  -AENTRY=00h-0FFhx32 -ACOMMON=070h-07Fh -ABANK0=020h-06Fh \
  -ABANK1=0A0h-0EFh -ABANK2=0110h-016Fh -ABANK3=0190h-01EFh \
  -ARAM=020h-06Fh,0A0h-0EFh,0110h-016Fh,0190h-01EFh \
  -AABS1=020h-07Fh,0A0h-0EFh,0110h-016Fh,0190h-01EFh -ASFR0=00h-01Fh \
  -ASFR1=080h-09Fh -ASFR2=0100h-010Fh -ASFR3=0180h-018Fh \
  -preset_vec=00h,intentry=04h,init,end_init -ppowerup=CODE -pcinit=CODE \
  -pfunctab=ENTRY -ACONFIG=02007h-02007h -pconfig=CONFIG -DCONFIG=2 \
  -AIDLOC=02000h-02003h -pidloc=IDLOC -DIDLOC=2 -AEEDATA=00h-0FFh/02100h \
  -peeprom_data=EEDATA -DEEDATA=2 -DCODE=2 -DSTRCODE=2 -DSTRING=2 -DCONST=2 \
  -DENTRY=2 -k C:\Users\rushi\AppData\Local\Temp\sku8.o \
  dist/default/production\Microwave_Oven.X.production.o 

Object code version is 3.11

Machine type is 16F877A



                Name                               Link     Load   Length Selector   Space Scale
C:\Users\rushi\AppData\Local\Temp\sku8.o
                end_init                             10       10        3        8       0
                reset_vec                             0        0        3        0       0
                config                             2007     2007        1     400E       0
dist/default/production\Microwave_Oven.X.production.o
                cinit                                13       13       15        8       0
                intentry                              4        4        C        8       0
                text23                              CF0      CF0       58     19E0       0
                text22                              C3F      C3F       36     187E       0
                text21                              DA3      DA3       63     1B46       0
                text20                              B44      B44        B     1688       0
                text19                              B5C      B5C       10     16B8       0
                text18                              B4F      B4F        D     169E       0
                text17                              B9E      B9E       1E     173C       0
                text16                              C0C      C0C       33     1818       0
                text15                              C75      C75       3D     18EA       0
                text14                              E06      E06       69     1C0C       0
                text13                              D48      D48       5B     1A90       0
                text12                              BE1      BE1       2B     17C2       0
                text11                              B6C      B6C       15     16D8       0
                text10                              B34      B34        8     1668       0
                text9                               CB2      CB2       3E     1964       0
                text8                                28       28      242        8       0
                text7                               26A      26A      20A        8       0
                text6                               64E      64E      10E      C9C       0
                text5                               75C      75C       9F      C9C       0
                text4                               E6F      E6F       AC     1CDE       0
                text3                               BBC      BBC       25     1778       0
                text2                               F1B      F1B       E5     1E36       0
                text1                               474      474       7A        8       0
                maintext                            B81      B81       1D     1702       0
                cstackBANK0                          48       48       18       20       1
                cstackCOMMON                         70       70        8       70       1
                clrtext                             B3C      B3C        8     1678       0
                bssBANK0                             20       20       28       20       1
                dataCOMMON                           7A       7A        1       70       1
                bssCOMMON                            78       78        2       70       1
                stringtext                          500      500      14E        A       0
                strings                             4EE      4EE       12      9DC       0
                idataCOMMON                         7FB      7FB        1      C9C       0

TOTAL           Name                               Link     Load   Length     Space
        CLASS   STACK          

        CLASS   CODE           
                end_init                             10       10        3         0
                cinit                                13       13       15         0
                intentry                              4        4        C         0
                reset_vec                             0        0        3         0
                text23                              CF0      CF0       58         0
                text22                              C3F      C3F       36         0
                text21                              DA3      DA3       63         0
                text20                              B44      B44        B         0
                text19                              B5C      B5C       10         0
                text18                              B4F      B4F        D         0
                text17                              B9E      B9E       1E         0
                text16                              C0C      C0C       33         0
                text15                              C75      C75       3D         0
                text14                              E06      E06       69         0
                text13                              D48      D48       5B         0
                text12                              BE1      BE1       2B         0
                text11                              B6C      B6C       15         0
                text10                              B34      B34        8         0
                text9                               CB2      CB2       3E         0
                text8                                28       28      242         0
                text7                               26A      26A      20A         0
                text6                               64E      64E      10E         0
                text5                               75C      75C       9F         0
                text4                               E6F      E6F       AC         0
                text3                               BBC      BBC       25         0
                text2                               F1B      F1B       E5         0
                text1                               474      474       7A         0
                maintext                            B81      B81       1D         0
                clrtext                             B3C      B3C        8         0
                idataCOMMON                         7FB      7FB        1         0

        CLASS   STRCODE        
                stringtext                          500      500      14E         0

        CLASS   STRING         
                strings                             4EE      4EE       12         0

        CLASS   CONST          

        CLASS   ENTRY          

        CLASS   COMMON         
                cstackCOMMON                         70       70        8         1
                dataCOMMON                           7A       7A        1         1
                bssCOMMON                            78       78        2         1

        CLASS   BANK0          
                cstackBANK0                          48       48       18         1
                bssBANK0                             20       20       28         1

        CLASS   BANK1          

        CLASS   BANK2          

        CLASS   BANK3          

        CLASS   RAM            

        CLASS   ABS1           
                abs_s1                               7E       7E        2         1

        CLASS   SFR0           

        CLASS   SFR1           

        CLASS   SFR2           

        CLASS   SFR3           

        CLASS   CONFIG         
                config                             2007     2007        1         0

        CLASS   IDLOC          

        CLASS   EEDATA         



SEGMENTS        Name                           Load    Length   Top    Selector   Space  Class     Delta

                reset_vec                      000000  000003  000003         0       0  CODE        2
                intentry                       000004  0004EA  0004EE         8       0  CODE        2
                bssBANK0                       000020  000040  000060        20       1  BANK0       1
                cstackCOMMON                   000070  00000B  00007B        70       1  COMMON      1
                strings                        0004EE  000012  000500       9DC       0  STRING      2
                stringtext                     000500  00014E  00064E         A       0  STRCODE     2
                text6                          00064E  0001AE  0007FC       C9C       0  CODE        2
                text10                         000B34  000008  000B3C      1668       0  CODE        2
                clrtext                        000B3C  000008  000B44      1678       0  CODE        2
                text20                         000B44  00000B  000B4F      1688       0  CODE        2
                text18                         000B4F  00000D  000B5C      169E       0  CODE        2
                text19                         000B5C  000010  000B6C      16B8       0  CODE        2
                text11                         000B6C  000015  000B81      16D8       0  CODE        2
                maintext                       000B81  00001D  000B9E      1702       0  CODE        2
                text17                         000B9E  00001E  000BBC      173C       0  CODE        2
                text3                          000BBC  000025  000BE1      1778       0  CODE        2
                text12                         000BE1  00002B  000C0C      17C2       0  CODE        2
                text16                         000C0C  000033  000C3F      1818       0  CODE        2
                text22                         000C3F  000036  000C75      187E       0  CODE        2
                text15                         000C75  00003D  000CB2      18EA       0  CODE        2
                text9                          000CB2  00003E  000CF0      1964       0  CODE        2
                text23                         000CF0  000058  000D48      19E0       0  CODE        2
                text13                         000D48  00005B  000DA3      1A90       0  CODE        2
                text21                         000DA3  000063  000E06      1B46       0  CODE        2
                text14                         000E06  000069  000E6F      1C0C       0  CODE        2
                text4                          000E6F  0000AC  000F1B      1CDE       0  CODE        2
                text2                          000F1B  0000E5  001000      1E36       0  CODE        2
                config                         002007  000001  002008      400E       0  CONFIG      2


UNUSED ADDRESS RANGES

        Name                Unused          Largest block    Delta
        BANK0            0060-006F             10           1
        BANK1            00A0-00EF             50           1
        BANK2            0110-016F             60           1
        BANK3            0190-01EF             60           1
        CODE             0003-0003              1           2
                         07FC-0B33              4
                         1000-1FFF            800
        COMMON           007B-007D              3           1
        CONST            0003-0003              1           2
                         07FC-0B33            100
                         1000-1FFF            100
        EEDATA           2100-21FF            100           2
        ENTRY            0003-0003              1           2
                         07FC-0B33            100
                         1000-1FFF            100
        IDLOC            2000-2003              4           2
        RAM              0060-006F             10           1
                         00A0-00EF             50
                         0110-016F             60
                         0190-01EF             60
        SFR0             0000-001F             20           1
        SFR1             0080-009F             20           1
        SFR2             0100-010F             10           1
        SFR3             0180-018F             10           1
        STACK            0110-016F             60           1
        STRCODE          0003-0003              1           2
                         07FC-0B33            338
                         1000-1FFF           1000
        STRING           0003-0003              1           2
                         07FC-0B33            100
                         1000-1FFF            100

                                  Symbol Table

?___awdiv                         cstackCOMMON 0073
?___awmod                         cstackBANK0  004C
?___wmul                          cstackCOMMON 0073
_GIE                              (abs)        005F
_PEIE                             (abs)        005E
_PORTD                            (abs)        0008
_PR2                              (abs)        0092
_RB0                              (abs)        0030
_RB1                              (abs)        0031
_RB2                              (abs)        0032
_RB3                              (abs)        0033
_RC1                              (abs)        0039
_RC2                              (abs)        003A
_RD0                              (abs)        0040
_RD1                              (abs)        0041
_RD2                              (abs)        0042
_RD3                              (abs)        0043
_RE1                              (abs)        0049
_RE2                              (abs)        004A
_T2CKPS0                          (abs)        0090
_T2CKPS1                          (abs)        0091
_TMR2IE                           (abs)        0461
_TMR2IF                           (abs)        0061
_TMR2ON                           (abs)        0092
_TRISB                            (abs)        0086
_TRISC1                           (abs)        0439
_TRISC2                           (abs)        043A
_TRISD                            (abs)        0088
_TRISE1                           (abs)        0449
_TRISE2                           (abs)        044A
__CFG_WDTE$                       (abs)        0000
__Habs1                           abs1         0000
__Hbank0                          bank0        0000
__Hbank1                          bank1        0000
__Hbank2                          bank2        0000
__Hbank3                          bank3        0000
__HbssBANK0                       bssBANK0     0000
__HbssCOMMON                      bssCOMMON    0000
__Hcinit                          cinit        0028
__Hclrtext                        clrtext      0000
__Hcode                           code         0000
__Hcommon                         common       0000
__Hconfig                         config       2008
__HcstackBANK0                    cstackBANK0  0000
__HcstackCOMMON                   cstackCOMMON 0000
__HdataCOMMON                     dataCOMMON   0000
__Heeprom_data                    eeprom_data  0000
__Hend_init                       end_init     0013
__Hfunctab                        functab      0000
__HidataCOMMON                    idataCOMMON  0000
__Hidloc                          idloc        0000
__Hinit                           init         0010
__Hintentry                       intentry     0010
__Hmaintext                       maintext     0000
__Hpowerup                        powerup      0000
__Hram                            ram          0000
__Hreset_vec                      reset_vec    0003
__Hsfr0                           sfr0         0000
__Hsfr1                           sfr1         0000
__Hsfr2                           sfr2         0000
__Hsfr3                           sfr3         0000
__Hspace_0                        (abs)        2008
__Hspace_1                        (abs)        007B
__Hspace_2                        (abs)        0000
__Hspace_3                        (abs)        0000
__Hstack                          stack        0000
__Hstrings                        strings      0000
__Hstringtext                     stringtext   0000
__Htext                           text         0000
__Labs1                           abs1         0000
__Lbank0                          bank0        0000
__Lbank1                          bank1        0000
__Lbank2                          bank2        0000
__Lbank3                          bank3        0000
__LbssBANK0                       bssBANK0     0000
__LbssCOMMON                      bssCOMMON    0000
__Lcinit                          cinit        0013
__Lclrtext                        clrtext      0000
__Lcode                           code         0000
__Lcommon                         common       0000
__Lconfig                         config       2007
__LcstackBANK0                    cstackBANK0  0000
__LcstackCOMMON                   cstackCOMMON 0000
__LdataCOMMON                     dataCOMMON   0000
__Leeprom_data                    eeprom_data  0000
__Lend_init                       end_init     0010
__Lfunctab                        functab      0000
__LidataCOMMON                    idataCOMMON  0000
__Lidloc                          idloc        0000
__Linit                           init         0010
__Lintentry                       intentry     0004
__Lmaintext                       maintext     0000
__Lpowerup                        powerup      0000
__Lram                            ram          0000
__Lreset_vec                      reset_vec    0000
__Lsfr0                           sfr0         0000
__Lsfr1                           sfr1         0000
__Lsfr2                           sfr2         0000
__Lsfr3                           sfr3         0000
__Lspace_0                        (abs)        0000
__Lspace_1                        (abs)        0000
__Lspace_2                        (abs)        0000
__Lspace_3                        (abs)        0000
__Lstack                          stack        0000
__Lstrings                        strings      0000
__Lstringtext                     stringtext   0000
__Ltext                           text         0000
__S0                              (abs)        2008
__S1                              (abs)        007B
__S2                              (abs)        0000
__S3                              (abs)        0000
___awdiv                          text14       0E06
___awdiv@counter                  cstackBANK0  0048
___awdiv@dividend                 cstackCOMMON 0075
___awdiv@divisor                  cstackCOMMON 0073
___awdiv@quotient                 cstackBANK0  004A
___awdiv@sign                     cstackBANK0  0049
___awmod                          text13       0D48
___awmod@counter                  cstackBANK0  0051
___awmod@dividend                 cstackBANK0  004E
___awmod@divisor                  cstackBANK0  004C
___awmod@sign                     cstackBANK0  0052
___int_sp                         stack        0000
___latbits                        (abs)        0002
___sp                             stack        0000
___stackhi                        (abs)        0000
___stacklo                        (abs)        0000
___wmul                           text12       0BE1
___wmul@multiplicand              cstackCOMMON 0075
___wmul@multiplier                cstackCOMMON 0073
___wmul@product                   cstackBANK0  0048
__end_of___awdiv                  text14       0E6F
__end_of___awmod                  text13       0DA3
__end_of___wmul                   text12       0C0C
__end_of__initialization          cinit        0024
__end_of__stringtab               strings      0500
__end_of_clcd_print               text16       0C3F
__end_of_clcd_putch               text11       0B81
__end_of_clcd_write               text22       0C75
__end_of_clear_display            text10       0B3C
__end_of_cooking_mode_display     text15       0CB2
__end_of_door_status_check        text9        0CF0
__end_of_init_clcd                text20       0B4F
__end_of_init_config              text17       0BBC
__end_of_init_display_controller  text21       0E06
__end_of_init_matrix_keypad       text19       0B6C
__end_of_init_timer2              text18       0B5C
__end_of_isr                      text23       0D48
__end_of_loop                     text2        1000
__end_of_main                     maintext     0B9E
__end_of_operation_call           text5        07FB
__end_of_power_on_screen          text1        04EE
__end_of_read_matrix_keypad       text3        0BE1
__end_of_scan_keypad              text4        0F1B
__end_of_set_temp                 text8        026A
__end_of_set_time                 text7        0474
__end_of_time_display             text6        075C
__initialization                  cinit        0013
__pbssBANK0                       bssBANK0     0020
__pbssCOMMON                      bssCOMMON    0078
__pcstackBANK0                    cstackBANK0  0048
__pcstackCOMMON                   cstackCOMMON 0070
__pdataCOMMON                     dataCOMMON   007A
__pidataCOMMON                    idataCOMMON  07FB
__pintentry                       intentry     0004
__pmaintext                       maintext     0B81
__pstrings                        strings      04EE
__pstringtext                     stringtext   0500
__ptext1                          text1        0474
__ptext10                         text10       0B34
__ptext11                         text11       0B6C
__ptext12                         text12       0BE1
__ptext13                         text13       0D48
__ptext14                         text14       0E06
__ptext15                         text15       0C75
__ptext16                         text16       0C0C
__ptext17                         text17       0B9E
__ptext18                         text18       0B4F
__ptext19                         text19       0B5C
__ptext2                          text2        0F1B
__ptext20                         text20       0B44
__ptext21                         text21       0DA3
__ptext22                         text22       0C3F
__ptext23                         text23       0CF0
__ptext3                          text3        0BBC
__ptext4                          text4        0E6F
__ptext5                          text5        075C
__ptext6                          text6        064E
__ptext7                          text7        026A
__ptext8                          text8        0028
__ptext9                          text9        0CB2
__size_of___awdiv                 (abs)        0000
__size_of___awmod                 (abs)        0000
__size_of___wmul                  (abs)        0000
__size_of_clcd_print              (abs)        0000
__size_of_clcd_putch              (abs)        0000
__size_of_clcd_write              (abs)        0000
__size_of_clear_display           (abs)        0000
__size_of_cooking_mode_display    (abs)        0000
__size_of_door_status_check       (abs)        0000
__size_of_init_clcd               (abs)        0000
__size_of_init_config             (abs)        0000
__size_of_init_display_controller (abs)        0000
__size_of_init_matrix_keypad      (abs)        0000
__size_of_init_timer2             (abs)        0000
__size_of_isr                     (abs)        0000
__size_of_loop                    (abs)        0000
__size_of_main                    (abs)        0000
__size_of_operation_call          (abs)        0000
__size_of_power_on_screen         (abs)        0000
__size_of_read_matrix_keypad      (abs)        0000
__size_of_scan_keypad             (abs)        0000
__size_of_set_temp                (abs)        0000
__size_of_set_time                (abs)        0000
__size_of_time_display            (abs)        0000
__stringbase                      strings      0500
__stringtab                       strings      04EE
_clcd_print                       text16       0C0C
_clcd_putch                       text11       0B6C
_clcd_write                       text22       0C3F
_clear_display                    text10       0B34
_cooking_mode_display             text15       0C75
_door_status_check                text9        0CB2
_flag                             bssBANK0     0036
_heat_flag                        bssBANK0     0034
_init_clcd                        text20       0B44
_init_config                      text17       0B9E
_init_display_controller          text21       0DA3
_init_matrix_keypad               text19       0B5C
_init_timer2                      text18       0B4F
_isr                              text23       0CF0
_loop                             text2        0F1B
_main                             maintext     0B81
_min                              bssBANK0     003C
_min_array                        bssBANK0     0045
_nRBPU                            (abs)        040F
_operation_call                   text5        075C
_operation_mode                   bssBANK0     0040
_power_on_screen                  text1        0474
_read_matrix_keypad               text3        0BBC
_reset_flag                       bssBANK0     003E
_ret                              bssBANK0     0038
_scan_keypad                      text4        0E6F
_sec                              bssBANK0     003A
_sec_array                        bssBANK0     0042
_set_temp                         text8        0028
_set_time                         text7        026A
_time_display                     text6        064E
btemp                             (abs)        007E
clcd_print@addr                   cstackBANK0  004A
clcd_print@str                    cstackBANK0  0048
clcd_putch@addr                   cstackBANK0  0053
clcd_putch@data                   cstackBANK0  0054
clcd_write@byte                   cstackCOMMON 0076
clcd_write@mode                   cstackCOMMON 0073
clear_ram0                        clrtext      0B3C
end_of_initialization             cinit        0024
interrupt_function                intentry     0004
intlevel0                         functab      0000
intlevel1                         functab      0000
intlevel2                         functab      0000
intlevel3                         functab      0000
intlevel4                         functab      0000
intlevel5                         functab      0000
isr@count                         bssBANK0     0022
loop@key                          cstackBANK0  005F
operation_call@key                cstackBANK0  005B
power_on_screen@i                 cstackBANK0  0058
power_on_screen@i_131             cstackBANK0  005A
read_matrix_keypad@key            cstackCOMMON 0077
read_matrix_keypad@mode           cstackCOMMON 0076
read_matrix_keypad@once           dataCOMMON   007A
reset_vec                         reset_vec    0000
saved_w                           (abs)        007E
scan_keypad@i                     cstackCOMMON 0073
set_temp@blink                    bssBANK0     002C
set_temp@door                     bssBANK0     0024
set_temp@key                      cstackBANK0  0058
set_temp@key_count                bssBANK0     0028
set_temp@temp                     bssBANK0     0026
set_temp@wait                     bssBANK0     002A
set_time@blink                    bssBANK0     0032
set_time@blink_pos                bssBANK0     002E
set_time@key                      cstackBANK0  0055
set_time@key_count                bssCOMMON    0078
set_time@wait                     bssBANK0     0030
start                             init         0010
start_initialization              cinit        0013
wtemp0                            (abs)        007E


FUNCTION INFORMATION:

 *************** function _main *****************
 Defined at:
		line 42 in file "main.c"
 Parameters:    Size  Location     Type
		None
 Auto vars:     Size  Location     Type
		None
 Return value:  Size  Location     Type
                  1    wreg      void 
 Registers used:
		wreg, fsr0l, fsr0h, status,2, status,0, btemp+1, pclath, cstack
 Tracked objects:
		On entry : 
		On exit  : 
		Unchanged: 
 Data sizes:     COMMON   BANK0   BANK1   BANK3   BANK2
      Params:         0       0       0       0       0
      Locals:         0       0       0       0       0
      Temps:          0       0       0       0       0
      Totals:         0       0       0       0       0
Total ram usage:        0 bytes
 Hardware stack levels required when called:    7
 This function calls:
		_clear_display
		_init_config
		_loop
		_power_on_screen
 This function is called by:
		Startup code after reset
 This function uses a non-reentrant model


 *************** function _power_on_screen *****************
 Defined at:
		line 214 in file "main.c"
 Parameters:    Size  Location     Type
		None
 Auto vars:     Size  Location     Type
  i               2   18[BANK0 ] int 
  i               2   16[BANK0 ] int 
 Return value:  Size  Location     Type
                  1    wreg      void 
 Registers used:
		wreg, fsr0l, fsr0h, status,2, status,0, btemp+1, pclath, cstack
 Tracked objects:
		On entry : 
		On exit  : 
		Unchanged: 
 Data sizes:     COMMON   BANK0   BANK1   BANK3   BANK2
      Params:         0       0       0       0       0
      Locals:         0       4       0       0       0
      Temps:          0       3       0       0       0
      Totals:         0       7       0       0       0
Total ram usage:        7 bytes
 Hardware stack levels used:    1
 Hardware stack levels required when called:    3
 This function calls:
		_clcd_print
		_clcd_putch
 This function is called by:
		_main
 This function uses a non-reentrant model


 *************** function _loop *****************
 Defined at:
		line 51 in file "main.c"
 Parameters:    Size  Location     Type
		None
 Auto vars:     Size  Location     Type
  key             1   23[BANK0 ] unsigned char 
 Return value:  Size  Location     Type
                  1    wreg      void 
 Registers used:
		wreg, fsr0l, fsr0h, status,2, status,0, btemp+1, pclath, cstack
 Tracked objects:
		On entry : 
		On exit  : 
		Unchanged: 
 Data sizes:     COMMON   BANK0   BANK1   BANK3   BANK2
      Params:         0       0       0       0       0
      Locals:         0       1       0       0       0
      Temps:          0       3       0       0       0
      Totals:         0       4       0       0       0
Total ram usage:        4 bytes
 Hardware stack levels used:    1
 Hardware stack levels required when called:    6
 This function calls:
		_clcd_print
		_clear_display
		_operation_call
		_read_matrix_keypad
 This function is called by:
		_main
 This function uses a non-reentrant model


 *************** function _read_matrix_keypad *****************
 Defined at:
		line 108 in file "matrix_keypad.c"
 Parameters:    Size  Location     Type
  mode            1    wreg     unsigned char 
 Auto vars:     Size  Location     Type
  mode            1    6[COMMON] unsigned char 
  key             1    7[COMMON] unsigned char 
 Return value:  Size  Location     Type
                  1    wreg      unsigned char 
 Registers used:
		wreg, status,2, status,0, pclath, cstack
 Tracked objects:
		On entry : 
		On exit  : 
		Unchanged: 
 Data sizes:     COMMON   BANK0   BANK1   BANK3   BANK2
      Params:         0       0       0       0       0
      Locals:         2       0       0       0       0
      Temps:          1       0       0       0       0
      Totals:         3       0       0       0       0
Total ram usage:        3 bytes
 Hardware stack levels used:    1
 Hardware stack levels required when called:    2
 This function calls:
		_scan_keypad
 This function is called by:
		_loop
 This function uses a non-reentrant model


 *************** function _scan_keypad *****************
 Defined at:
		line 21 in file "matrix_keypad.c"
 Parameters:    Size  Location     Type
		None
 Auto vars:     Size  Location     Type
  i               2    3[COMMON] int 
 Return value:  Size  Location     Type
                  1    wreg      unsigned char 
 Registers used:
		wreg, status,2, status,0
 Tracked objects:
		On entry : 
		On exit  : 
		Unchanged: 
 Data sizes:     COMMON   BANK0   BANK1   BANK3   BANK2
      Params:         0       0       0       0       0
      Locals:         2       0       0       0       0
      Temps:          0       0       0       0       0
      Totals:         2       0       0       0       0
Total ram usage:        2 bytes
 Hardware stack levels used:    1
 Hardware stack levels required when called:    1
 This function calls:
		Nothing
 This function is called by:
		_read_matrix_keypad
 This function uses a non-reentrant model


 *************** function _operation_call *****************
 Defined at:
		line 139 in file "main.c"
 Parameters:    Size  Location     Type
  key             1    wreg     unsigned char 
 Auto vars:     Size  Location     Type
  key             1   19[BANK0 ] unsigned char 
 Return value:  Size  Location     Type
                  1    wreg      void 
 Registers used:
		wreg, fsr0l, fsr0h, status,2, status,0, btemp+1, pclath, cstack
 Tracked objects:
		On entry : 
		On exit  : 
		Unchanged: 
 Data sizes:     COMMON   BANK0   BANK1   BANK3   BANK2
      Params:         0       0       0       0       0
      Locals:         0       1       0       0       0
      Temps:          0       2       0       0       0
      Totals:         0       3       0       0       0
Total ram usage:        3 bytes
 Hardware stack levels used:    1
 Hardware stack levels required when called:    5
 This function calls:
		_clear_display
		_cooking_mode_display
		_set_temp
		_set_time
		_time_display
 This function is called by:
		_loop
 This function uses a non-reentrant model


 *************** function _time_display *****************
 Defined at:
		line 369 in file "main.c"
 Parameters:    Size  Location     Type
		None
 Auto vars:     Size  Location     Type
		None
 Return value:  Size  Location     Type
                  1    wreg      void 
 Registers used:
		wreg, fsr0l, fsr0h, status,2, status,0, btemp+1, pclath, cstack
 Tracked objects:
		On entry : 
		On exit  : 
		Unchanged: 
 Data sizes:     COMMON   BANK0   BANK1   BANK3   BANK2
      Params:         0       0       0       0       0
      Locals:         0       0       0       0       0
      Temps:          0       3       0       0       0
      Totals:         0       3       0       0       0
Total ram usage:        3 bytes
 Hardware stack levels used:    1
 Hardware stack levels required when called:    4
 This function calls:
		___awdiv
		___awmod
		_clcd_print
		_clcd_putch
		_clear_display
		_door_status_check
 This function is called by:
		_operation_call
 This function uses a non-reentrant model


 *************** function _set_time *****************
 Defined at:
		line 241 in file "main.c"
 Parameters:    Size  Location     Type
  key             1    wreg     unsigned char 
 Auto vars:     Size  Location     Type
  key             1   13[BANK0 ] unsigned char 
 Return value:  Size  Location     Type
                  1    wreg      void 
 Registers used:
		wreg, fsr0l, fsr0h, status,2, status,0, btemp+1, pclath, cstack
 Tracked objects:
		On entry : 
		On exit  : 
		Unchanged: 
 Data sizes:     COMMON   BANK0   BANK1   BANK3   BANK2
      Params:         0       0       0       0       0
      Locals:         0       1       0       0       0
      Temps:          0       2       0       0       0
      Totals:         0       3       0       0       0
Total ram usage:        3 bytes
 Hardware stack levels used:    1
 Hardware stack levels required when called:    3
 This function calls:
		___awdiv
		___awmod
		___wmul
		_clcd_print
		_clcd_write
		_clear_display
 This function is called by:
		_operation_call
 This function uses a non-reentrant model


 *************** function _set_temp *****************
 Defined at:
		line 414 in file "main.c"
 Parameters:    Size  Location     Type
  key             1    wreg     unsigned char 
 Auto vars:     Size  Location     Type
  key             1   16[BANK0 ] unsigned char 
 Return value:  Size  Location     Type
                  1    wreg      unsigned char 
 Registers used:
		wreg, fsr0l, fsr0h, status,2, status,0, btemp+1, pclath, cstack
 Tracked objects:
		On entry : 
		On exit  : 
		Unchanged: 
 Data sizes:     COMMON   BANK0   BANK1   BANK3   BANK2
      Params:         0       0       0       0       0
      Locals:         0       1       0       0       0
      Temps:          0       3       0       0       0
      Totals:         0       4       0       0       0
Total ram usage:        4 bytes
 Hardware stack levels used:    1
 Hardware stack levels required when called:    4
 This function calls:
		___awdiv
		___awmod
		___wmul
		_clcd_print
		_clcd_putch
		_clear_display
		_door_status_check
 This function is called by:
		_operation_call
 This function uses a non-reentrant model


 *************** function _door_status_check *****************
 Defined at:
		line 347 in file "main.c"
 Parameters:    Size  Location     Type
		None
 Auto vars:     Size  Location     Type
		None
 Return value:  Size  Location     Type
                  1    wreg      unsigned char 
 Registers used:
		wreg, fsr0l, fsr0h, status,2, status,0, btemp+1, pclath, cstack
 Tracked objects:
		On entry : 
		On exit  : 
		Unchanged: 
 Data sizes:     COMMON   BANK0   BANK1   BANK3   BANK2
      Params:         0       0       0       0       0
      Locals:         0       0       0       0       0
      Temps:          1       0       0       0       0
      Totals:         1       0       0       0       0
Total ram usage:        1 bytes
 Hardware stack levels used:    1
 Hardware stack levels required when called:    3
 This function calls:
		_clcd_print
		_clear_display
 This function is called by:
		_time_display
		_set_temp
 This function uses a non-reentrant model


 *************** function _clear_display *****************
 Defined at:
		line 237 in file "main.c"
 Parameters:    Size  Location     Type
		None
 Auto vars:     Size  Location     Type
		None
 Return value:  Size  Location     Type
                  1    wreg      void 
 Registers used:
		wreg, status,2, status,0, pclath, cstack
 Tracked objects:
		On entry : 
		On exit  : 
		Unchanged: 
 Data sizes:     COMMON   BANK0   BANK1   BANK3   BANK2
      Params:         0       0       0       0       0
      Locals:         0       0       0       0       0
      Temps:          0       0       0       0       0
      Totals:         0       0       0       0       0
Total ram usage:        0 bytes
 Hardware stack levels used:    1
 Hardware stack levels required when called:    2
 This function calls:
		_clcd_write
 This function is called by:
		_main
		_loop
		_operation_call
		_set_time
		_door_status_check
		_time_display
		_set_temp
 This function uses a non-reentrant model


 *************** function _clcd_putch *****************
 Defined at:
		line 55 in file "clcd.c"
 Parameters:    Size  Location     Type
  data            1    wreg     const unsigned char 
  addr            1   11[BANK0 ] unsigned char 
 Auto vars:     Size  Location     Type
  data            1   12[BANK0 ] const unsigned char 
 Return value:  Size  Location     Type
                  1    wreg      void 
 Registers used:
		wreg, status,2, status,0, pclath, cstack
 Tracked objects:
		On entry : 
		On exit  : 
		Unchanged: 
 Data sizes:     COMMON   BANK0   BANK1   BANK3   BANK2
      Params:         0       1       0       0       0
      Locals:         0       1       0       0       0
      Temps:          0       0       0       0       0
      Totals:         0       2       0       0       0
Total ram usage:        2 bytes
 Hardware stack levels used:    1
 Hardware stack levels required when called:    2
 This function calls:
		_clcd_write
 This function is called by:
		_power_on_screen
		_time_display
		_set_temp
 This function uses a non-reentrant model


 *************** function ___wmul *****************
 Defined at:
		line 15 in file "C:\Program Files (x86)\Microchip\xc8\v2.10\pic\sources\c90\common\Umul16.c"
 Parameters:    Size  Location     Type
  multiplier      2    3[COMMON] unsigned int 
  multiplicand    2    5[COMMON] unsigned int 
 Auto vars:     Size  Location     Type
  product         2    0[BANK0 ] unsigned int 
 Return value:  Size  Location     Type
                  2    3[COMMON] unsigned int 
 Registers used:
		wreg, status,2, status,0
 Tracked objects:
		On entry : 
		On exit  : 
		Unchanged: 
 Data sizes:     COMMON   BANK0   BANK1   BANK3   BANK2
      Params:         4       0       0       0       0
      Locals:         0       2       0       0       0
      Temps:          0       0       0       0       0
      Totals:         4       2       0       0       0
Total ram usage:        6 bytes
 Hardware stack levels used:    1
 Hardware stack levels required when called:    1
 This function calls:
		Nothing
 This function is called by:
		_set_time
		_set_temp
 This function uses a non-reentrant model


 *************** function ___awmod *****************
 Defined at:
		line 5 in file "C:\Program Files (x86)\Microchip\xc8\v2.10\pic\sources\c90\common\awmod.c"
 Parameters:    Size  Location     Type
  divisor         2    4[BANK0 ] int 
  dividend        2    6[BANK0 ] int 
 Auto vars:     Size  Location     Type
  sign            1   10[BANK0 ] unsigned char 
  counter         1    9[BANK0 ] unsigned char 
 Return value:  Size  Location     Type
                  2    4[BANK0 ] int 
 Registers used:
		wreg, status,2, status,0
 Tracked objects:
		On entry : 
		On exit  : 
		Unchanged: 
 Data sizes:     COMMON   BANK0   BANK1   BANK3   BANK2
      Params:         0       4       0       0       0
      Locals:         0       2       0       0       0
      Temps:          0       1       0       0       0
      Totals:         0       7       0       0       0
Total ram usage:        7 bytes
 Hardware stack levels used:    1
 Hardware stack levels required when called:    1
 This function calls:
		Nothing
 This function is called by:
		_set_time
		_time_display
		_set_temp
 This function uses a non-reentrant model


 *************** function ___awdiv *****************
 Defined at:
		line 5 in file "C:\Program Files (x86)\Microchip\xc8\v2.10\pic\sources\c90\common\awdiv.c"
 Parameters:    Size  Location     Type
  divisor         2    3[COMMON] int 
  dividend        2    5[COMMON] int 
 Auto vars:     Size  Location     Type
  quotient        2    2[BANK0 ] int 
  sign            1    1[BANK0 ] unsigned char 
  counter         1    0[BANK0 ] unsigned char 
 Return value:  Size  Location     Type
                  2    3[COMMON] int 
 Registers used:
		wreg, status,2, status,0
 Tracked objects:
		On entry : 
		On exit  : 
		Unchanged: 
 Data sizes:     COMMON   BANK0   BANK1   BANK3   BANK2
      Params:         4       0       0       0       0
      Locals:         0       4       0       0       0
      Temps:          1       0       0       0       0
      Totals:         5       4       0       0       0
Total ram usage:        9 bytes
 Hardware stack levels used:    1
 Hardware stack levels required when called:    1
 This function calls:
		Nothing
 This function is called by:
		_set_time
		_time_display
		_set_temp
 This function uses a non-reentrant model


 *************** function _cooking_mode_display *****************
 Defined at:
		line 230 in file "main.c"
 Parameters:    Size  Location     Type
		None
 Auto vars:     Size  Location     Type
		None
 Return value:  Size  Location     Type
                  1    wreg      void 
 Registers used:
		wreg, fsr0l, fsr0h, status,2, status,0, btemp+1, pclath, cstack
 Tracked objects:
		On entry : 
		On exit  : 
		Unchanged: 
 Data sizes:     COMMON   BANK0   BANK1   BANK3   BANK2
      Params:         0       0       0       0       0
      Locals:         0       0       0       0       0
      Temps:          1       0       0       0       0
      Totals:         1       0       0       0       0
Total ram usage:        1 bytes
 Hardware stack levels used:    1
 Hardware stack levels required when called:    3
 This function calls:
		_clcd_print
 This function is called by:
		_operation_call
 This function uses a non-reentrant model


 *************** function _clcd_print *****************
 Defined at:
		line 61 in file "clcd.c"
 Parameters:    Size  Location     Type
  str             2    0[BANK0 ] PTR const unsigned char 
		 -> STR_30(4), STR_29(12), STR_28(16), STR_27(12), 
		 -> STR_26(16), STR_25(17), STR_24(17), STR_23(13), 
		 -> STR_22(4), STR_21(13), STR_20(17), STR_19(17), 
		 -> STR_18(17), STR_17(17), STR_16(17), STR_15(10), 
		 -> STR_14(17), STR_13(17), STR_12(3), STR_11(3), 
		 -> min_array(3), sec_array(3), STR_10(17), STR_9(12), 
		 -> STR_8(17), STR_7(8), STR_6(13), STR_5(8), 
		 -> STR_4(8), STR_3(17), STR_2(15), STR_1(15), 
  addr            1    2[BANK0 ] unsigned char 
 Auto vars:     Size  Location     Type
		None
 Return value:  Size  Location     Type
                  1    wreg      void 
 Registers used:
		wreg, fsr0l, fsr0h, status,2, status,0, btemp+1, pclath, cstack
 Tracked objects:
		On entry : 
		On exit  : 
		Unchanged: 
 Data sizes:     COMMON   BANK0   BANK1   BANK3   BANK2
      Params:         0       3       0       0       0
      Locals:         0       0       0       0       0
      Temps:          0       0       0       0       0
      Totals:         0       3       0       0       0
Total ram usage:        3 bytes
 Hardware stack levels used:    1
 Hardware stack levels required when called:    2
 This function calls:
		_clcd_write
 This function is called by:
		_loop
		_power_on_screen
		_cooking_mode_display
		_set_time
		_door_status_check
		_time_display
		_set_temp
 This function uses a non-reentrant model


 *************** function _init_config *****************
 Defined at:
		line 22 in file "main.c"
 Parameters:    Size  Location     Type
		None
 Auto vars:     Size  Location     Type
		None
 Return value:  Size  Location     Type
                  1    wreg      void 
 Registers used:
		wreg, status,2, status,0, pclath, cstack
 Tracked objects:
		On entry : 
		On exit  : 
		Unchanged: 
 Data sizes:     COMMON   BANK0   BANK1   BANK3   BANK2
      Params:         0       0       0       0       0
      Locals:         0       0       0       0       0
      Temps:          0       0       0       0       0
      Totals:         0       0       0       0       0
Total ram usage:        0 bytes
 Hardware stack levels used:    1
 Hardware stack levels required when called:    4
 This function calls:
		_init_clcd
		_init_matrix_keypad
		_init_timer2
 This function is called by:
		_main
 This function uses a non-reentrant model


 *************** function _init_timer2 *****************
 Defined at:
		line 3 in file "timers.c"
 Parameters:    Size  Location     Type
		None
 Auto vars:     Size  Location     Type
		None
 Return value:  Size  Location     Type
                  1    wreg      void 
 Registers used:
		wreg
 Tracked objects:
		On entry : 
		On exit  : 
		Unchanged: 
 Data sizes:     COMMON   BANK0   BANK1   BANK3   BANK2
      Params:         0       0       0       0       0
      Locals:         0       0       0       0       0
      Temps:          0       0       0       0       0
      Totals:         0       0       0       0       0
Total ram usage:        0 bytes
 Hardware stack levels used:    1
 Hardware stack levels required when called:    1
 This function calls:
		Nothing
 This function is called by:
		_init_config
 This function uses a non-reentrant model


 *************** function _init_matrix_keypad *****************
 Defined at:
		line 4 in file "matrix_keypad.c"
 Parameters:    Size  Location     Type
		None
 Auto vars:     Size  Location     Type
		None
 Return value:  Size  Location     Type
                  1    wreg      void 
 Registers used:
		wreg, status,2
 Tracked objects:
		On entry : 
		On exit  : 
		Unchanged: 
 Data sizes:     COMMON   BANK0   BANK1   BANK3   BANK2
      Params:         0       0       0       0       0
      Locals:         0       0       0       0       0
      Temps:          0       0       0       0       0
      Totals:         0       0       0       0       0
Total ram usage:        0 bytes
 Hardware stack levels used:    1
 Hardware stack levels required when called:    1
 This function calls:
		Nothing
 This function is called by:
		_init_config
 This function uses a non-reentrant model


 *************** function _init_clcd *****************
 Defined at:
		line 43 in file "clcd.c"
 Parameters:    Size  Location     Type
		None
 Auto vars:     Size  Location     Type
		None
 Return value:  Size  Location     Type
                  1    wreg      void 
 Registers used:
		wreg, status,2, status,0, pclath, cstack
 Tracked objects:
		On entry : 
		On exit  : 
		Unchanged: 
 Data sizes:     COMMON   BANK0   BANK1   BANK3   BANK2
      Params:         0       0       0       0       0
      Locals:         0       0       0       0       0
      Temps:          0       0       0       0       0
      Totals:         0       0       0       0       0
Total ram usage:        0 bytes
 Hardware stack levels used:    1
 Hardware stack levels required when called:    3
 This function calls:
		_init_display_controller
 This function is called by:
		_init_config
 This function uses a non-reentrant model


 *************** function _init_display_controller *****************
 Defined at:
		line 21 in file "clcd.c"
 Parameters:    Size  Location     Type
		None
 Auto vars:     Size  Location     Type
		None
 Return value:  Size  Location     Type
                  1    wreg      void 
 Registers used:
		wreg, status,2, status,0, pclath, cstack
 Tracked objects:
		On entry : 
		On exit  : 
		Unchanged: 
 Data sizes:     COMMON   BANK0   BANK1   BANK3   BANK2
      Params:         0       0       0       0       0
      Locals:         0       0       0       0       0
      Temps:          0       2       0       0       0
      Totals:         0       2       0       0       0
Total ram usage:        2 bytes
 Hardware stack levels used:    1
 Hardware stack levels required when called:    2
 This function calls:
		_clcd_write
 This function is called by:
		_init_clcd
 This function uses a non-reentrant model


 *************** function _clcd_write *****************
 Defined at:
		line 4 in file "clcd.c"
 Parameters:    Size  Location     Type
  byte            1    wreg     unsigned char 
  mode            1    3[COMMON] unsigned char 
 Auto vars:     Size  Location     Type
  byte            1    6[COMMON] unsigned char 
 Return value:  Size  Location     Type
                  1    wreg      void 
 Registers used:
		wreg, status,2, status,0
 Tracked objects:
		On entry : 
		On exit  : 
		Unchanged: 
 Data sizes:     COMMON   BANK0   BANK1   BANK3   BANK2
      Params:         1       0       0       0       0
      Locals:         1       0       0       0       0
      Temps:          2       0       0       0       0
      Totals:         4       0       0       0       0
Total ram usage:        4 bytes
 Hardware stack levels used:    1
 Hardware stack levels required when called:    1
 This function calls:
		Nothing
 This function is called by:
		_clear_display
		_set_time
		_init_display_controller
		_clcd_putch
		_clcd_print
 This function uses a non-reentrant model


 *************** function _isr *****************
 Defined at:
		line 6 in file "isr.c"
 Parameters:    Size  Location     Type
		None
 Auto vars:     Size  Location     Type
		None
 Return value:  Size  Location     Type
                  1    wreg      void 
 Registers used:
		wreg, status,2, status,0, btemp+1
 Tracked objects:
		On entry : 
		On exit  : 
		Unchanged: 
 Data sizes:     COMMON   BANK0   BANK1   BANK3   BANK2
      Params:         0       0       0       0       0
      Locals:         0       0       0       0       0
      Temps:          3       0       0       0       0
      Totals:         3       0       0       0       0
Total ram usage:        3 bytes
 Hardware stack levels used:    1
 This function calls:
		Nothing
 This function is called by:
		Interrupt level 1
 This function uses a non-reentrant model



MODULE INFORMATION

Module		Function		Class		Link	Load	Size
timers.c
		_init_timer2   		CODE           	0B4F	0000	14

timers.c estimated size: 14

C:\Program Files (x86)\Microchip\xc8\v2.10\pic\sources\c90\common\awdiv.c
		___awdiv       		CODE           	0E06	0000	106

C:\Program Files (x86)\Microchip\xc8\v2.10\pic\sources\c90\common\awdiv.c estimated size: 106

matrix_keypad.c
		_init_matrix_keypad		CODE           	0B5C	0000	17
		_read_matrix_keypad		CODE           	0BBC	0000	38
		_scan_keypad   		CODE           	0E6F	0000	173

matrix_keypad.c estimated size: 228

C:\Program Files (x86)\Microchip\xc8\v2.10\pic\sources\c90\common\Umul16.c
		___wmul        		CODE           	0BE1	0000	44

C:\Program Files (x86)\Microchip\xc8\v2.10\pic\sources\c90\common\Umul16.c estimated size: 44

isr.c
		_isr           		CODE           	0CF0	0000	89

isr.c estimated size: 89

shared
		__stringtab    		STRING         	04EE	0000	19
		__initialization		CODE           	0013	0000	18

shared estimated size: 37

clcd.c
		_clcd_write    		CODE           	0C3F	0000	55
		_clcd_print    		CODE           	0C0C	0000	52
		_clcd_putch    		CODE           	0B6C	0000	22
		_init_display_controller		CODE           	0DA3	0000	100
		_init_clcd     		CODE           	0B44	0000	12

clcd.c estimated size: 241

C:\Program Files (x86)\Microchip\xc8\v2.10\pic\sources\c90\common\awmod.c
		___awmod       		CODE           	0D48	0000	92

C:\Program Files (x86)\Microchip\xc8\v2.10\pic\sources\c90\common\awmod.c estimated size: 92

main.c
		_loop          		CODE           	0F1B	0000	230
		_door_status_check		CODE           	0CB2	0000	63
		_main          		CODE           	0B81	0000	30
		_set_temp      		CODE           	0028	0000	579
		_clear_display 		CODE           	0B34	0000	9
		_cooking_mode_display		CODE           	0C75	0000	62
		_power_on_screen		CODE           	0474	0000	123
		_set_time      		CODE           	026A	0000	523
		_init_config   		CODE           	0B9E	0000	31
		_operation_call		CODE           	075C	0000	160
		_time_display  		CODE           	064E	0000	271

main.c estimated size: 2081

